// Jest Snapshot v1, https://goo.gl/fbAQLP

exports[`presets: works 1`] = `
Repository {
  "config": Object {
    "removeUnconfiguredLabels": true,
  },
  "labels": Array [
    Label {
      "alias": Array [],
      "color": "#7057ff",
      "description": "#ff0022",
      "name": "community/bug",
      "siblings": Array [],
    },
    Label {
      "alias": Array [],
      "color": "#94ebfc",
      "description": "#ff0022",
      "name": "scope/bug",
      "siblings": Array [],
    },
    Label {
      "alias": Array [],
      "color": "#FFCF2D",
      "description": "#ff0022",
      "name": "needs/bug",
      "siblings": Array [],
    },
    Label {
      "alias": Array [],
      "color": "#EEEEEE",
      "description": "#ff0022",
      "name": "effort/bug",
      "siblings": Array [],
    },
    Label {
      "alias": Array [],
      "color": "#EEEEEE",
      "description": "#ff0022",
      "name": "impact/bug",
      "siblings": Array [],
    },
    Label {
      "alias": Array [],
      "color": "#EEEEEE",
      "description": "#ff0022",
      "name": "note/bug",
      "siblings": Array [],
    },
    Label {
      "alias": Array [],
      "color": "#ff0022",
      "description": undefined,
      "name": "type/bug",
      "siblings": Array [],
    },
  ],
}
`;
