// Jest Snapshot v1, https://goo.gl/fbAQLP

exports[`stripe: logs are reporting correctly 1`] = `Array []`;
